---
source: src/../src/commands/diff.rs
expression: "hgit(\"diff\", path)"

---

