---
source: src/../src/commands/status.rs
expression: "hgit(\"status\", path)"

---

