// Jest Snapshot v1, https://goo.gl/fbAQLP

exports[`commit Last commit message matches 1`] = `"Initial commit"`;
